npm notice run open-uml@1.1.0 dist
npm notice run npm run build && electron-builder
npm notice run open-uml@1.1.0 build
npm notice run tsc && vite build
[33mThe CJS build of Vite's Node API is deprecated. See https://vite.dev/guide/troubleshooting.html#vite-cjs-node-api-deprecated for more details.[39m
[36mvite v5.4.21 [32mbuilding for production...[36m[39m
transforming...
[baseline-browser-mapping] The data in this module is over two months old.  To ensure accurate Baseline data, please update: `npm i baseline-browser-mapping@latest -D`
Browserslist: browsers data (caniuse-lite) is 11 months old. Please run:
  npx update-browserslist-db@latest
  Why you should do it regularly: https://github.com/browserslist/update-db#readme
[32m✓[39m 1609 modules transformed.
rendering chunks...
computing gzip size...
[2mdist/[22m[32mindex.html                                                   [39m[1m[2m  0.46 kB[22m[1m[22m[2m │ gzip:  0.30 kB[22m
[2mdist/[22m[32massets/ibm-plex-mono-vietnamese-500-normal-C8zxqsMH.woff     [39m[1m[2m  5.62 kB[22m[1m[22m
[2mdist/[22m[32massets/ibm-plex-mono-vietnamese-400-normal-DDuiU_S-.woff     [39m[1m[2m  5.62 kB[22m[1m[22m
[2mdist/[22m[32massets/ibm-plex-mono-cyrillic-ext-500-normal-BIfNGwUT.woff   [39m[1m[2m  5.77 kB[22m[1m[22m
[2mdist/[22m[32massets/ibm-plex-mono-cyrillic-ext-400-normal-DMdlQ8Kv.woff   [39m[1m[2m  5.82 kB[22m[1m[22m
[2mdist/[22m[32massets/ibm-plex-mono-vietnamese-400-normal-BulugwFq.woff2    [39m[1m[2m  5.87 kB[22m[1m[22m
[2mdist/[22m[32massets/ibm-plex-mono-vietnamese-500-normal-DZ4AoWbu.woff2    [39m[1m[2m  6.04 kB[22m[1m[22m
[2mdist/[22m[32massets/ibm-plex-sans-vietnamese-400-normal-fK1oJ5dG.woff     [39m[1m[2m  6.39 kB[22m[1m[22m
[2mdist/[22m[32massets/ibm-plex-sans-vietnamese-600-normal-DgdngZtN.woff     [39m[1m[2m  6.58 kB[22m[1m[22m
[2mdist/[22m[32massets/ibm-plex-sans-vietnamese-500-normal-BEb3_waV.woff     [39m[1m[2m  6.59 kB[22m[1m[22m
[2mdist/[22m[32massets/ibm-plex-mono-cyrillic-ext-400-normal-xuaO2J-f.woff2  [39m[1m[2m  6.91 kB[22m[1m[22m
[2mdist/[22m[32massets/ibm-plex-mono-cyrillic-ext-500-normal-BqneJy0T.woff2  [39m[1m[2m  6.97 kB[22m[1m[22m
[2mdist/[22m[32massets/ibm-plex-mono-cyrillic-400-normal-CEL4l2ZJ.woff       [39m[1m[2m  7.20 kB[22m[1m[22m
[2mdist/[22m[32massets/ibm-plex-mono-cyrillic-500-normal-Ael50iVv.woff       [39m[1m[2m  7.21 kB[22m[1m[22m
[2mdist/[22m[32massets/ibm-plex-sans-vietnamese-400-normal-DG4YqDda.woff2    [39m[1m[2m  8.20 kB[22m[1m[22m
[2mdist/[22m[32massets/ibm-plex-mono-cyrillic-400-normal-BSMlKf0J.woff2      [39m[1m[2m  8.36 kB[22m[1m[22m
[2mdist/[22m[32massets/ibm-plex-sans-vietnamese-500-normal-e4dixQRQ.woff2    [39m[1m[2m  8.42 kB[22m[1m[22m
[2mdist/[22m[32massets/ibm-plex-sans-vietnamese-600-normal-DpPYBSTl.woff2    [39m[1m[2m  8.46 kB[22m[1m[22m
[2mdist/[22m[32massets/ibm-plex-mono-cyrillic-500-normal-Bq9vWWag.woff2      [39m[1m[2m  8.46 kB[22m[1m[22m
[2mdist/[22m[32massets/ibm-plex-sans-greek-400-normal-D9ESIMu3.woff          [39m[1m[2m  8.76 kB[22m[1m[22m
[2mdist/[22m[32massets/ibm-plex-sans-greek-500-normal-CuWXN6rf.woff          [39m[1m[2m  9.15 kB[22m[1m[22m
[2mdist/[22m[32massets/ibm-plex-sans-greek-600-normal-D-CqTdkO.woff          [39m[1m[2m  9.22 kB[22m[1m[22m
[2mdist/[22m[32massets/ibm-plex-sans-greek-400-normal-_efipK4i.woff2         [39m[1m[2m  9.94 kB[22m[1m[22m
[2mdist/[22m[32massets/ibm-plex-sans-cyrillic-ext-400-normal-Dsrv2Tcn.woff   [39m[1m[2m 10.29 kB[22m[1m[22m
[2mdist/[22m[32massets/ibm-plex-sans-greek-600-normal-DzTrcv_p.woff2         [39m[1m[2m 10.37 kB[22m[1m[22m
[2mdist/[22m[32massets/ibm-plex-sans-greek-500-normal-JMMifIXV.woff2         [39m[1m[2m 10.38 kB[22m[1m[22m
[2mdist/[22m[32massets/ibm-plex-sans-cyrillic-ext-500-normal-DB5PtV2g.woff   [39m[1m[2m 10.59 kB[22m[1m[22m
[2mdist/[22m[32massets/ibm-plex-sans-cyrillic-ext-600-normal-Bz0x94Yp.woff   [39m[1m[2m 10.62 kB[22m[1m[22m
[2mdist/[22m[32massets/ibm-plex-mono-latin-ext-400-normal-D3D2R8hC.woff      [39m[1m[2m 11.77 kB[22m[1m[22m
[2mdist/[22m[32massets/ibm-plex-mono-latin-ext-500-normal-CZ70TYgx.woff      [39m[1m[2m 11.77 kB[22m[1m[22m
[2mdist/[22m[32massets/ibm-plex-sans-cyrillic-ext-400-normal-g30qAdWV.woff2  [39m[1m[2m 12.15 kB[22m[1m[22m
[2mdist/[22m[32massets/ibm-plex-sans-cyrillic-ext-600-normal-DUMzJB7m.woff2  [39m[1m[2m 12.30 kB[22m[1m[22m
[2mdist/[22m[32massets/ibm-plex-sans-cyrillic-ext-500-normal-Cs5J6C77.woff2  [39m[1m[2m 12.31 kB[22m[1m[22m
[2mdist/[22m[32massets/ibm-plex-mono-latin-400-normal-CvHOgSBP.woff          [39m[1m[2m 13.14 kB[22m[1m[22m
[2mdist/[22m[32massets/ibm-plex-mono-latin-500-normal-CB9ihrfo.woff          [39m[1m[2m 13.16 kB[22m[1m[22m
[2mdist/[22m[32massets/ibm-plex-mono-latin-ext-400-normal-BmRBH3aV.woff2     [39m[1m[2m 13.35 kB[22m[1m[22m
[2mdist/[22m[32massets/ibm-plex-mono-latin-ext-500-normal-CAhNIIs5.woff2     [39m[1m[2m 13.43 kB[22m[1m[22m
[2mdist/[22m[32massets/ibm-plex-sans-cyrillic-400-normal-BTotfTJu.woff       [39m[1m[2m 13.51 kB[22m[1m[22m
[2mdist/[22m[32massets/ibm-plex-sans-cyrillic-500-normal-ByOcLdNv.woff       [39m[1m[2m 13.86 kB[22m[1m[22m
[2mdist/[22m[32massets/ibm-plex-sans-cyrillic-600-normal-BGq0mW3O.woff       [39m[1m[2m 13.89 kB[22m[1m[22m
[2mdist/[22m[32massets/ibm-plex-sans-latin-ext-400-normal-RBey6euL.woff      [39m[1m[2m 14.36 kB[22m[1m[22m
[2mdist/[22m[32massets/ibm-plex-mono-latin-400-normal-DMJ8VG8y.woff2         [39m[1m[2m 14.71 kB[22m[1m[22m
[2mdist/[22m[32massets/ibm-plex-sans-latin-ext-500-normal-D0aIdm-b.woff      [39m[1m[2m 14.74 kB[22m[1m[22m
[2mdist/[22m[32massets/ibm-plex-sans-latin-ext-600-normal-DIrixKbi.woff      [39m[1m[2m 14.77 kB[22m[1m[22m
[2mdist/[22m[32massets/ibm-plex-sans-cyrillic-400-normal-DZqxrq2p.woff2      [39m[1m[2m 14.80 kB[22m[1m[22m
[2mdist/[22m[32massets/ibm-plex-mono-latin-500-normal-DSY6xOcd.woff2         [39m[1m[2m 14.89 kB[22m[1m[22m
[2mdist/[22m[32massets/ibm-plex-sans-cyrillic-500-normal-CocWQlwt.woff2      [39m[1m[2m 15.00 kB[22m[1m[22m
[2mdist/[22m[32massets/ibm-plex-sans-cyrillic-600-normal-71GNu3SW.woff2      [39m[1m[2m 15.04 kB[22m[1m[22m
[2mdist/[22m[32massets/ibm-plex-sans-latin-ext-400-normal-C5H60-Va.woff2     [39m[1m[2m 15.98 kB[22m[1m[22m
[2mdist/[22m[32massets/ibm-plex-sans-latin-ext-600-normal-DOrvGEcy.woff2     [39m[1m[2m 16.45 kB[22m[1m[22m
[2mdist/[22m[32massets/ibm-plex-sans-latin-ext-500-normal-DakdToA3.woff2     [39m[1m[2m 16.46 kB[22m[1m[22m
[2mdist/[22m[32massets/ibm-plex-sans-latin-400-normal-CYLoc0-x.woff          [39m[1m[2m 22.10 kB[22m[1m[22m
[2mdist/[22m[32massets/ibm-plex-sans-latin-400-normal-CDDApCn2.woff2         [39m[1m[2m 22.59 kB[22m[1m[22m
[2mdist/[22m[32massets/ibm-plex-sans-latin-600-normal-Cu4Hd6ag.woff          [39m[1m[2m 23.88 kB[22m[1m[22m
[2mdist/[22m[32massets/ibm-plex-sans-latin-500-normal-BgVn5rGT.woff          [39m[1m[2m 23.92 kB[22m[1m[22m
[2mdist/[22m[32massets/ibm-plex-sans-latin-500-normal-6ng42L7E.woff2         [39m[1m[2m 24.18 kB[22m[1m[22m
[2mdist/[22m[32massets/ibm-plex-sans-latin-600-normal-CuJfVYMP.woff2         [39m[1m[2m 24.25 kB[22m[1m[22m
[2mdist/[22m[35massets/index-J-KMnlVy.css                                    [39m[1m[2m 29.69 kB[22m[1m[22m[2m │ gzip:  6.11 kB[22m
[2mdist/[22m[36massets/index-DQGzda6Z.js                                     [39m[1m[2m238.16 kB[22m[1m[22m[2m │ gzip: 74.39 kB[22m
[32m✓ built in 1.33s[39m
[36mvite v5.4.21 [32mbuilding for production...[36m[39m
transforming...
[32m✓[39m 389 modules transformed.
rendering chunks...
computing gzip size...
[2mdist-electron/main/[22m[36mindex.js          [39m[1m[2m 13.08 kB[22m[1m[22m[2m │ gzip:  4.63 kB[22m
[2mdist-electron/main/[22m[36mmain-yBj4Fxoq.js  [39m[1m[2m243.26 kB[22m[1m[22m[2m │ gzip: 78.80 kB[22m
[32m✓ built in 499ms[39m
[36mvite v5.4.21 [32mbuilding for production...[36m[39m
transforming...
[32m✓[39m 1 modules transformed.
rendering chunks...
computing gzip size...
[2mdist-electron/preload/[22m[36mpreload.js  [39m[1m[2m1.18 kB[22m[1m[22m[2m │ gzip: 0.44 kB[22m
[32m✓ built in 5ms[39m
  • electron-builder  version=24.13.3 os=10.0.26300
  • loaded configuration  file=package.json ("build" field)
  • packaging       platform=win32 arch=x64 electron=28.3.3 appOutDir=build\win-unpacked
  • building        target=nsis file=build\OpenUML-Setup-1.1.0.exe archs=x64 oneClick=false perMachine=false
  • building block map  blockMapFile=build\OpenUML-Setup-1.1.0.exe.blockmap
